// Jest Snapshot v1, https://goo.gl/fbAQLP

exports[`Menu should render menu 1`] = `
<div>
  <Styled(styled.button)
    onClick={[Function]}
  >
    <Component />
  </Styled(styled.button)>
  <styled.div
    show={false}
  >
    <styled.div>
      <styled.a
        href="/"
      >
        Home
      </styled.a>
      <styled.a
        href="/docs"
      >
        API Documentation
      </styled.a>
      <styled.a
        href="/pricing"
      >
        Pricing
      </styled.a>
      <styled.a
        href="https://github.com/neurosnap/youhood/issues"
        target="_blank"
      >
        Submit Feedback
      </styled.a>
      <styled.a
        href="https://github.com/neurosnap/youhood"
        target="_blank"
      >
        Source Code
      </styled.a>
      <styled.a
        href="mailto:support@youhood.io"
        target="_blank"
      >
        support@youhood.io
      </styled.a>
    </styled.div>
  </styled.div>
</div>
`;
