// Jest Snapshot v1, https://goo.gl/fbAQLP

exports[`HoodVisible should render the buttons 1`] = `
.c1 {
  cursor: pointer;
  height: 100%;
  display: -webkit-box;
  display: -webkit-flex;
  display: -ms-flexbox;
  display: flex;
  -webkit-align-items: center;
  -webkit-box-align: center;
  -ms-flex-align: center;
  align-items: center;
  padding: 0 10px;
  margin: 0 10px;
  background: inherit;
  color: inherit;
  border: none;
  font: inherit;
  cursor: pointer;
  outline: inherit;
  font-size: 12px;
}

.c1:hover:enabled {
  background-color: rgba(255,255,255,0.25);
}

.c1:disabled {
  color: #ccc;
}

.c0 {
  display: -webkit-box;
  display: -webkit-flex;
  display: -ms-flexbox;
  display: flex;
  margin-left: 0;
  position: relative;
  height: 100%;
}

<Component>
  <styled.div>
    <div
      className="c0"
    >
      <styled.button>
        <button
          className="c1"
        >
          Show Hoods
        </button>
      </styled.button>
      <styled.button>
        <button
          className="c1"
        >
          Hide Hoods
        </button>
      </styled.button>
    </div>
  </styled.div>
</Component>
`;
